rand_core v0.9.5
|-- rand v0.9.5
|   `-- proptest v1.11.0
|       [dev-dependencies]
|       |-- monolith-identity v0.0.0 (<repo>/crates/monolith-identity)
|       |   |-- monolith-cli v0.0.0 (<repo>/crates/monolith-cli)
|       |   |-- monolith-core v0.0.0 (<repo>/crates/monolith-core)
|       |   |   |-- monolith-cli v0.0.0 (<repo>/crates/monolith-cli)
|       |   |   `-- monolith-desktop v0.0.0 (<repo>/crates/monolith-desktop)
|       |   |-- monolith-protocol v0.0.0 (<repo>/crates/monolith-protocol)
|       |   |   |-- monolith-cli v0.0.0 (<repo>/crates/monolith-cli)
|       |   |   |-- monolith-core v0.0.0 (<repo>/crates/monolith-core) (*)
|       |   |   |-- monolith-session v0.0.0 (<repo>/crates/monolith-session)
|       |   |   |   |-- monolith-cli v0.0.0 (<repo>/crates/monolith-cli)
|       |   |   |   `-- monolith-core v0.0.0 (<repo>/crates/monolith-core) (*)
|       |   |   |-- monolith-storage v0.0.0 (<repo>/crates/monolith-storage)
|       |   |   |   |-- monolith-cli v0.0.0 (<repo>/crates/monolith-cli)
|       |   |   |   `-- monolith-core v0.0.0 (<repo>/crates/monolith-core) (*)
|       |   |   `-- monolith-tor v0.0.0 (<repo>/crates/monolith-tor)
|       |   |       |-- monolith-cli v0.0.0 (<repo>/crates/monolith-cli)
|       |   |       `-- monolith-core v0.0.0 (<repo>/crates/monolith-core) (*)
|       |   |-- monolith-session v0.0.0 (<repo>/crates/monolith-session) (*)
|       |   |-- monolith-storage v0.0.0 (<repo>/crates/monolith-storage) (*)
|       |   `-- monolith-tor v0.0.0 (<repo>/crates/monolith-tor) (*)
|       |-- monolith-protocol v0.0.0 (<repo>/crates/monolith-protocol) (*)
|       |-- monolith-session v0.0.0 (<repo>/crates/monolith-session) (*)
|       `-- monolith-storage v0.0.0 (<repo>/crates/monolith-storage) (*)
|-- rand_chacha v0.9.0
|   `-- proptest v1.11.0 (*)
`-- rand_xorshift v0.4.0
    `-- proptest v1.11.0 (*)

rand_core v0.10.1
`-- x25519-dalek v3.0.0
    `-- monolith-session v0.0.0 (<repo>/crates/monolith-session) (*)
